c:\users\gaming\source\repos\sydneyengine\games\tetris\build\tetrisdll.dir\debug\vc143.pdb
c:\users\gaming\source\repos\sydneyengine\games\tetris\build\tetrisdll.dir\debug\game.obj
c:\users\gaming\source\repos\sydneyengine\games\tetris\build\tetrisdll.dir\debug\factory.obj
c:\users\gaming\source\repos\sydneyengine\games\tetris\build\cmakefiles\generate.stamp
c:\users\gaming\source\repos\sydneyengine\games\tetris\debug\tetrisdll.dll
c:\users\gaming\source\repos\sydneyengine\games\tetris\debug\tetrisdll.pdb
c:\users\gaming\source\repos\sydneyengine\games\tetris\build\debug\tetrisdll.lib
c:\users\gaming\source\repos\sydneyengine\games\tetris\build\debug\tetrisdll.exp
c:\users\gaming\source\repos\sydneyengine\games\tetris\build\tetrisdll.dir\debug\tetrisdll.ilk
c:\users\gaming\source\repos\sydneyengine\games\tetris\build\tetrisdll.dir\debug\tetrisdll.tlog\cl.command.1.tlog
c:\users\gaming\source\repos\sydneyengine\games\tetris\build\tetrisdll.dir\debug\tetrisdll.tlog\cl.items.tlog
c:\users\gaming\source\repos\sydneyengine\games\tetris\build\tetrisdll.dir\debug\tetrisdll.tlog\cl.read.1.tlog
c:\users\gaming\source\repos\sydneyengine\games\tetris\build\tetrisdll.dir\debug\tetrisdll.tlog\cl.write.1.tlog
c:\users\gaming\source\repos\sydneyengine\games\tetris\build\tetrisdll.dir\debug\tetrisdll.tlog\custombuild.command.1.tlog
c:\users\gaming\source\repos\sydneyengine\games\tetris\build\tetrisdll.dir\debug\tetrisdll.tlog\custombuild.read.1.tlog
c:\users\gaming\source\repos\sydneyengine\games\tetris\build\tetrisdll.dir\debug\tetrisdll.tlog\custombuild.write.1.tlog
c:\users\gaming\source\repos\sydneyengine\games\tetris\build\tetrisdll.dir\debug\tetrisdll.tlog\link.command.1.tlog
c:\users\gaming\source\repos\sydneyengine\games\tetris\build\tetrisdll.dir\debug\tetrisdll.tlog\link.read.1.tlog
c:\users\gaming\source\repos\sydneyengine\games\tetris\build\tetrisdll.dir\debug\tetrisdll.tlog\link.secondary.1.tlog
c:\users\gaming\source\repos\sydneyengine\games\tetris\build\tetrisdll.dir\debug\tetrisdll.tlog\link.write.1.tlog
